    Finished `test` profile [unoptimized + debuginfo] target(s) in 0.01s
     Running unittests src/main.rs (target/debug/deps/sidequest_api-253f44386dbc3ba9)

running 0 tests

test result: ok. 0 passed; 0 failed; 0 ignored; 0 measured; 0 filtered out; finished in 0.00s

